// Jest Snapshot v1, https://goo.gl/fbAQLP

exports[`ChannelsList component should match snapshot 1`] = `
<div>
  <a
    href="#general"
  >
    <span>
      general
    </span>
  </a>
  <a
    href="#random"
  >
    <span>
      random
    </span>
  </a>
</div>
`;
