// Jest Snapshot v1, https://goo.gl/fbAQLP

exports[`ChannelLink component should match snapshot 1`] = `
<a
  href="#general"
>
  <span>
    general
  </span>
</a>
`;
