// Jest Snapshot v1, https://goo.gl/fbAQLP

exports[`NewMessageForm component should match snapshot 1`] = `
<form>
  <input
    type="text"
  />
  <button
    type="submit"
  >
    Send
  </button>
</form>
`;
