// Jest Snapshot v1, https://goo.gl/fbAQLP

exports[`ChannelLink component should match snapshot 1`] = `
<div
  className="sc-bdVaJa jWKkjw"
>
  <a
    href="#general"
  >
    <span>
      general
    </span>
  </a>
</div>
`;
