// Jest Snapshot v1, https://goo.gl/fbAQLP

exports[`NewMessageForm component should match snapshot 1`] = `
<div
  className="sc-bdVaJa UoSJW"
>
  <form
    className="sc-bwzfXH uTxCW"
  >
    <input
      className="sc-htpNat jOwwja"
      type="text"
    />
    <button
      className="sc-bxivhb lbRlRl"
      type="submit"
    >
      Send
    </button>
  </form>
</div>
`;
